Xform tests/src/Xform.res 6:5
Hit: Replace with switch
{"start": {"line": 6, "character": 0}, "end": {"line": 11, "character": 1}}
newText:
switch kind {
| First =>
  // ^xfm
  ret("First")
| _ => ret("Not First")
}

Xform tests/src/Xform.res 13:15
Hit: Replace with switch
{"start": {"line": 13, "character": 0}, "end": {"line": 13, "character": 79}}
newText:
switch kind {
| #kind("First", {name: "abc", age: 3}) => ret("First")
| _ => ret("Not First")
}

Xform tests/src/Xform.res 16:5
Hit: Add type annotation
{"start": {"line": 16, "character": 8}, "end": {"line": 16, "character": 8}}
newText:
: string

Xform tests/src/Xform.res 19:5

Xform tests/src/Xform.res 26:10
Hit: Add type annotation
{"start": {"line": 26, "character": 10}, "end": {"line": 26, "character": 11}}
newText:
(x: option<T.r>)

Xform tests/src/Xform.res 30:9

Xform tests/src/Xform.res 34:21
Hit: Add type annotation
{"start": {"line": 34, "character": 24}, "end": {"line": 34, "character": 24}}
newText:
: int

Xform tests/src/Xform.res 38:5

Xform tests/src/Xform.res 41:9
Hit: Add type annotation
{"start": {"line": 41, "character": 11}, "end": {"line": 41, "character": 11}}
newText:
: int

